---
source: main-api/src/calendar/mod.rs
expression: actual
---
5121.EG.001:
  events: []
  location:
    calendar_url: "https://campus.tum.de/1"
    key: 5121.EG.001
    last_calendar_scrape_at: "[last_calendar_scrape_at]"
    name: 5121.EG.001 (Montage- und Versuchshalle)
    type: room
    type_common_name: Versuchshalle
5121.EG.003:
  events: []
  location:
    calendar_url: "https://campus.tum.de/3"
    key: 5121.EG.003
    last_calendar_scrape_at: "[last_calendar_scrape_at]"
    name: 5121.EG.003 (Computerraum)
    type: room
    type_common_name: Serverraum
