---
source: src/routes/locations/qr_code.rs
expression: qr_image.0
extension: 01.001.png
snapshot_kind: binary
---
