---
source: main-api/src/search/search_executor/mod.rs
description: Copy/paste search
expression: actual
info: Augustenstra√üe 44; Raum 209; 2.OG should get 2903.02.209
---
- facet: rooms
  entries: []
  n_visible: 0
  estimatedTotalHits: 0
- facet: sites_buildings
  entries: []
  n_visible: 0
  estimatedTotalHits: 0
