---
source: main-api/src/search/search_executor/mod.rs
description: ""
expression: actual
info: "'1801 maschinen' should get '5508.02.801' in 1 results"
---
- facet: rooms
  entries:
    - id: 5508.02.801
      type: room
      name: 5508.02.801 (Hörsaal)
      subtext: "garching, Maschinenwesen (MW)"
      subtext_bold: 1801@5508
      parsed_id: "MW \u00191801\u0017"
    - id: 0508.01.801
      type: room
      name: 0508.01.801 ( Wasch.-/Putzraum)
      subtext: "stammgelände, Heizkraftwerk (Z8)"
      subtext_bold: 1801@0508
      parsed_id: "\u00191801\u0017 Heizkraftwerk (Z8)"
    - id: 0106.U1.801
      type: room
      name: 0106.U1.801 ( Archiv)
      subtext: "stammgelände, Materialprüfamt (N6)"
      subtext_bold: N-1801@0106
    - id: 2332.01.217
      type: room
      name: "2332.01.217 ( (32.\u00191\u0017.\u0019801\u0017) Büro)"
      subtext: "campus-im-olympiapark-sz, CiO/SG Institute Ost"
      subtext_bold: 01.2332.217@2332
    - id: 5115.01.801
      type: room
      name: 5115.01.801 ( Treppe Nord)
      subtext: "garching, Zentrum für Nanotechnologie & -materialien (ZNN)"
      subtext_bold: 1.801@5115
    - id: 5301.01.801
      type: room
      name: 5301.01.801 ( Treppenhaus)
      subtext: "garching, Institute for Advanced Study (IAS)"
      subtext_bold: 1.801@5301
    - id: 5212.01.801
      type: room
      name: 5212.01.801 ( Treppenhaus West)
      subtext: "garching, RCM Radiochemie München"
      subtext_bold: H.1.801@5212
    - id: 5212.01.801L
      type: room
      name: 5212.01.801L ( Aufzug)
      subtext: "garching, RCM Radiochemie München"
      subtext_bold: L.1.801@5212
    - id: 5212.U1.801
      type: room
      name: 5212.U1.801 ( Treppenhaus West)
      subtext: "garching, RCM Radiochemie München"
      subtext_bold: H.-1.801@5212
    - id: 5212.U1.801L
      type: room
      name: 5212.U1.801L ( Aufzug)
      subtext: "garching, RCM Radiochemie München"
      subtext_bold: L.-1.801@5212
  n_visible: 10
  estimatedTotalHits: 10
- facet: sites_buildings
  entries: []
  n_visible: 0
  estimatedTotalHits: 0
